------------------------------------------------------------
TimeQuest Timing Analyzer Summary
------------------------------------------------------------

Type  : Slow 1100mV 85C Model Setup 'clock_50Mhz'
Slack : 10.596
TNS   : 0.000

Type  : Slow 1100mV 85C Model Hold 'clock_50Mhz'
Slack : 0.363
TNS   : 0.000

Type  : Slow 1100mV 85C Model Recovery 'clock_50Mhz'
Slack : 13.618
TNS   : 0.000

Type  : Slow 1100mV 85C Model Removal 'clock_50Mhz'
Slack : 0.945
TNS   : 0.000

Type  : Slow 1100mV 85C Model Minimum Pulse Width 'clock_50Mhz'
Slack : 9.227
TNS   : 0.000

Type  : Slow 1100mV 0C Model Setup 'clock_50Mhz'
Slack : 10.887
TNS   : 0.000

Type  : Slow 1100mV 0C Model Hold 'clock_50Mhz'
Slack : 0.366
TNS   : 0.000

Type  : Slow 1100mV 0C Model Recovery 'clock_50Mhz'
Slack : 14.220
TNS   : 0.000

Type  : Slow 1100mV 0C Model Removal 'clock_50Mhz'
Slack : 0.879
TNS   : 0.000

Type  : Slow 1100mV 0C Model Minimum Pulse Width 'clock_50Mhz'
Slack : 9.284
TNS   : 0.000

Type  : Fast 1100mV 85C Model Setup 'clock_50Mhz'
Slack : 14.218
TNS   : 0.000

Type  : Fast 1100mV 85C Model Hold 'clock_50Mhz'
Slack : 0.196
TNS   : 0.000

Type  : Fast 1100mV 85C Model Recovery 'clock_50Mhz'
Slack : 15.429
TNS   : 0.000

Type  : Fast 1100mV 85C Model Removal 'clock_50Mhz'
Slack : 0.561
TNS   : 0.000

Type  : Fast 1100mV 85C Model Minimum Pulse Width 'clock_50Mhz'
Slack : 9.104
TNS   : 0.000

Type  : Fast 1100mV 0C Model Setup 'clock_50Mhz'
Slack : 14.662
TNS   : 0.000

Type  : Fast 1100mV 0C Model Hold 'clock_50Mhz'
Slack : 0.186
TNS   : 0.000

Type  : Fast 1100mV 0C Model Recovery 'clock_50Mhz'
Slack : 15.669
TNS   : 0.000

Type  : Fast 1100mV 0C Model Removal 'clock_50Mhz'
Slack : 0.509
TNS   : 0.000

Type  : Fast 1100mV 0C Model Minimum Pulse Width 'clock_50Mhz'
Slack : 9.066
TNS   : 0.000

------------------------------------------------------------
